<?xml version="1.0" encoding="ISO-8859-1"?>
<!DOCTYPE entry>
<entry id="homo_sapiens">
  <dates>
    <date creation="2017-07-09" last_modification="2017-07-09"/>
  </dates>
  <cross_references>
    <ref dbname="ncbi_taxonomy_id" dbkey="9606"/>
  </cross_references>
  <additional_fields>
    <assembly_accession>GCA_000001405.25</assembly_accession>
    <assembly_name>GRCh38.p10</assembly_name>
    <has_other_alignments>true</has_other_alignments>
    <is_reference>false</is_reference>
    <classification>Homo</classification>
    <classification>Homininae</classification>
    <classification>Hominidae</classification>
    <classification>Hominoidea</classification>
    <classification>Catarrhini</classification>
    <classification>Simiiformes</classification>
    <classification>Haplorrhini</classification>
    <classification>Primates</classification>
    <classification>Euarchontoglires</classification>
    <classification>Boreoeutheria</classification>
    <classification>Eutheria</classification>
    <classification>Theria</classification>
    <classification>Mammalia</classification>
    <classification>Amniota</classification>
    <classification>Tetrapoda</classification>
    <classification>Dipnotetrapodomorpha</classification>
    <classification>Sarcopterygii</classification>
    <classification>Euteleostomi</classification>
    <classification>Teleostomi</classification>
    <classification>Gnathostomata</classification>
    <classification>Vertebrata</classification>
    <classification>Craniata</classification>
    <classification>Chordata</classification>
    <classification>Deuterostomia</classification>
    <classification>Bilateria</classification>
    <classification>Eumetazoa</classification>
    <classification>Metazoa</classification>
    <classification>Opisthokonta</classification>
    <classification>Eukaryota</classification>
    <classification>cellular organisms</classification>
    <genebuild>2014-01-Ensembl</genebuild>
    <has_synteny>true</has_synteny>
    <genomic_unit>Ensembl</genomic_unit>
    <display_name>Homo sapiens</display_name>
    <alias>9606</alias>
    <alias>enshs</alias>
    <alias>h_sapiens</alias>
    <alias>homo</alias>
    <alias>homo sapiens</alias>
    <alias>homo_sapiens</alias>
    <alias>homsap</alias>
    <alias>hsap</alias>
    <alias>hsapiens</alias>
    <alias>human</alias>
    <has_genome_alignments>true</has_genome_alignments>
    <assembly_default>GRCh38</assembly_default>
    <has_pan_compara>false</has_pan_compara>
    <has_variations>true</has_variations>
    <scientific_name>Homo sapiens</scientific_name>
    <has_peptide_compara>true</has_peptide_compara>
  </additional_fields>
</entry>
