<?xml version="1.0" encoding="ISO-8859-1"?>
<!DOCTYPE database>

<database>
  <name>Ensembl</name>
  <description>Ensembl Homo sapiens core database</description>
  <release>89</release>
  <entries>
    <entry id="7270026">
      <name>7270026</name>
      <cross_references>
        <ref dbname="ncbi_taxonomy_id" dbkey="9606" />
      </cross_references>
      <additional_fields>
        <field name="production_name">homo_sapiens</field>
        <field name="location">7270026:101111537-101292795</field>
	<field name="genomic_unit">Ensembl</field>
        <field name="coord_system">Tilepath</field>
        <field name="species">Homo sapiens</field>
        <field name="length">181259</field>
      </additional_fields>
    </entry>
    <entry id="X">
      <name>X</name>
      <cross_references>
        <ref dbname="ncbi_taxonomy_id" dbkey="9606" />
      </cross_references>
      <additional_fields>
        <field name="production_name">homo_sapiens</field>
	<field name="genomic_unit">Ensembl</field>
        <field name="coord_system">chromosome</field>
        <field name="species">Homo sapiens</field>
        <field name="location">X:1-156040895</field>
        <field name="length">156040895</field>
      </additional_fields>
    </entry>
    <entry id="DAAF01080952.1">
      <name>DAAF01080952.1</name>
      <cross_references>
        <ref dbname="ncbi_taxonomy_id" dbkey="9606" />
      </cross_references>
      <additional_fields>
        <field name="length">171</field>
        <field name="production_name">homo_sapiens</field>
	<field name="genomic_unit">Ensembl</field>
        <field name="location">DAAF01080952.1:1-171</field>
        <field name="coord_system">contig</field>
        <field name="species">Homo sapiens</field>
      </additional_fields>
    </entry>
  </entries>
</database>
