<?xml version="1.0" encoding="ISO-8859-1"?>
<!DOCTYPE entry>

<entry id="homo_sapiens">
  <cross_references>
    <ref dbname="ncbi_taxonomy_id" dbkey="9606" />
  </cross_references>
  <additional_fields>
    <field name="scientific_name">Homo sapiens</field>
    <field name="division">Ensembl</field>
    <field name="assembly_default">GRCh38</field>
    <field name="has_pan_compara">false</field>
    <field name="display_name">Homo sapiens</field>
    <field name="classification">Homo</field>
    <field name="classification">Homininae</field>
    <field name="classification">Hominidae</field>
    <field name="classification">Hominoidea</field>
    <field name="classification">Catarrhini</field>
    <field name="classification">Simiiformes</field>
    <field name="classification">Haplorrhini</field>
    <field name="classification">Primates</field>
    <field name="classification">Euarchontoglires</field>
    <field name="classification">Boreoeutheria</field>
    <field name="classification">Eutheria</field>
    <field name="classification">Theria</field>
    <field name="classification">Mammalia</field>
    <field name="classification">Amniota</field>
    <field name="classification">Tetrapoda</field>
    <field name="classification">Dipnotetrapodomorpha</field>
    <field name="classification">Sarcopterygii</field>
    <field name="classification">Euteleostomi</field>
    <field name="classification">Teleostomi</field>
    <field name="classification">Gnathostomata</field>
    <field name="classification">Vertebrata</field>
    <field name="classification">Craniata</field>
    <field name="classification">Chordata</field>
    <field name="classification">Deuterostomia</field>
    <field name="classification">Bilateria</field>
    <field name="classification">Eumetazoa</field>
    <field name="classification">Metazoa</field>
    <field name="classification">Opisthokonta</field>
    <field name="classification">Eukaryota</field>
    <field name="classification">cellular organisms</field>
    <field name="has_peptide_compara">true</field>
    <field name="has_other_alignments">true</field>
    <field name="alias">9606</field>
    <field name="alias">enshs</field>
    <field name="alias">h_sapiens</field>
    <field name="alias">homo</field>
    <field name="alias">homo sapiens</field>
    <field name="alias">homo_sapiens</field>
    <field name="alias">homsap</field>
    <field name="alias">hsap</field>
    <field name="alias">hsapiens</field>
    <field name="alias">human</field>
    <field name="assembly_name">GRCh38.p10</field>
    <field name="assembly_accession">GCA_000001405.25</field>
    <field name="genebuild">2014-01-Ensembl</field>
    <field name="has_genome_alignments">true</field>
    <field name="has_synteny">true</field>
    <field name="has_variations">true</field>
    <field name="genomic_unit">Ensembl</field>
    <field name="is_reference">false</field>
  </additional_fields>
</entry>
